=== FCV POA run 20260902-1308 — inicio 2026-09-02T17:11:58+00:00 ===
bucket=fcv-poa-griott jobs=32 nproc=32
dpkg-preconfigure: unable to re-open stdin: No such file or directory
python 3.11.2 (main, May 12 2026, 05:17:27) [GCC 12.2.0]
--- lanzando run_v2 (solo poa/mpoa) ---
FCV v2: 270 celdas x 31 seeds, 32 workers (cpu=32)
  25/270
  50/270
  75/270
  100/270
  125/270
  150/270
  175/270
  200/270
  225/270
  250/270
  270/270

per-seed -> /opt/fcv/fcv_v2_poa_perseed.csv
agg      -> /opt/fcv/fcv_v2_poa_agg.csv

real	197m17.335s
user	5473m31.356s
sys	0m2.802s
--- run_v2 termino ---
-rw-r--r-- 1 root root  20432 Sep  2 20:29 /opt/fcv/fcv_v2_poa_agg.csv
-rw-r--r-- 1 root root 599338 Sep  2 20:29 /opt/fcv/fcv_v2_poa_perseed.csv
=== fin rc=0 2026-09-02T20:29:22+00:00 ===
